#./src/main/resources/Entities.map
#Fri Apr 27 17:45:52 CEST 2018
user3=262
user2=261
user1=260
spamFolderAdministrator1=322
article19=283
article18=282
article17=281
article16=280
notificationboxFolderAdministrator1=320
article15=279
article14=278
article13=277
article12=276
article11=275
outboxFolderUser3=337
article10=274
outboxFolderUser2=331
outboxFolderUser1=325
rootFolderAgent2=353
trashboxFolderAgent2=357
rootFolderAgent1=347
spamFolderAgent2=358
trashboxFolderAgent1=351
followUp9=306
spamFolderAgent1=352
followUp8=305
followUp7=304
followUp6=303
inboxFolderAdministrator1=318
followUp5=302
followUp4=301
rootFolderCustomer1=341
followUp3=300
followUp2=299
followUp1=298
notificationboxFolderUser3=338
notificationboxFolderUser2=332
notificationboxFolderUser1=326
admin=259
rootFolderAdministrator1=317
inboxFolderUser3=336
inboxFolderUser2=330
notificationboxFolderAgent2=356
inboxFolderUser1=324
notificationboxFolderAgent1=350
outboxFolderCustomer1=343
followUp10=307
notificationboxFolderCustomer1=344
inboxFolderAgent2=354
inboxFolderAgent1=348
spamFolderUser3=340
spamFolderUser2=334
spamFolderUser1=328
chirp5=289
chirp4=288
chirp3=287
chirp2=286
chirp1=285
outboxFolderAgent2=355
outboxFolderAgent1=349
customer1=297
spamFolderCustomer1=346
creditCard4=294
config=290
creditCard3=293
creditCard2=292
creditCard1=291
rootFolderUser3=335
rootFolderUser2=329
rootFolderUser1=323
newspaper9=316
newspaper8=315
advertisement3=364
newspaper7=314
advertisement2=363
newspaper6=313
advertisement1=362
newspaper5=312
inboxFolderCustomer1=342
newspaper4=311
newspaper3=310
trashboxFolderAdministrator1=321
newspaper2=309
newspaper1=308
article9=273
article8=272
article7=271
article6=270
article5=269
article4=268
article3=267
article2=266
article1=265
message3=361
message2=360
message1=359
agent2=264
agent1=263
volume2=296
volume1=295
outboxFolderAdministrator1=319
trashboxFolderUser3=339
userAccount7=258
trashboxFolderUser2=333
userAccount6=257
trashboxFolderUser1=327
userAccount5=256
userAccount4=255
article20=284
userAccount3=254
userAccount2=253
trashboxFolderCustomer1=345
userAccount1=252
