#./src/main/resources/Entities.map
#Thu Apr 26 13:47:58 CEST 2018
user3=121
user2=120
user1=119
spamFolderAdministrator1=181
article19=142
article18=141
article17=140
article16=139
notificationboxFolderAdministrator1=179
article15=138
article14=137
article13=136
article12=135
article11=134
outboxFolderUser3=196
article10=133
outboxFolderUser2=190
outboxFolderUser1=184
rootFolderAgent2=212
trashboxFolderAgent2=216
rootFolderAgent1=206
spamFolderAgent2=217
trashboxFolderAgent1=210
followUp9=165
spamFolderAgent1=211
followUp8=164
followUp7=163
followUp6=162
inboxFolderAdministrator1=177
followUp5=161
followUp4=160
rootFolderCustomer1=200
followUp3=159
followUp2=158
followUp1=157
notificationboxFolderUser3=197
notificationboxFolderUser2=191
notificationboxFolderUser1=185
admin=118
rootFolderAdministrator1=176
inboxFolderUser3=195
inboxFolderUser2=189
notificationboxFolderAgent2=215
inboxFolderUser1=183
notificationboxFolderAgent1=209
outboxFolderCustomer1=202
followUp10=166
notificationboxFolderCustomer1=203
inboxFolderAgent2=213
inboxFolderAgent1=207
spamFolderUser3=199
spamFolderUser2=193
spamFolderUser1=187
chirp5=148
chirp4=147
chirp3=146
chirp2=145
chirp1=144
outboxFolderAgent2=214
outboxFolderAgent1=208
customer1=156
spamFolderCustomer1=205
config=149
creditCard3=152
creditCard2=151
creditCard1=150
rootFolderUser3=194
rootFolderUser2=188
rootFolderUser1=182
newspaper9=175
newspaper8=174
newspaper7=173
newspaper6=172
advertisement1=155
newspaper5=171
inboxFolderCustomer1=201
newspaper4=170
newspaper3=169
trashboxFolderAdministrator1=180
newspaper2=168
newspaper1=167
article9=132
article8=131
article7=130
article6=129
article5=128
article4=127
article3=126
article2=125
article1=124
message3=220
message2=219
message1=218
agent2=123
agent1=122
volume2=154
volume1=153
outboxFolderAdministrator1=178
trashboxFolderUser3=198
userAccount7=117
trashboxFolderUser2=192
userAccount6=116
trashboxFolderUser1=186
userAccount5=115
userAccount4=114
article20=143
userAccount3=113
userAccount2=112
trashboxFolderCustomer1=204
userAccount1=111
